// Jest Snapshot v1, https://goo.gl/fbAQLP

exports[`<OptForm /> renders the <OptForm /> with populated data 1`] = `
<div
  class="opt-form__Container-sc-11fyt1k-0 eXcUEd"
>
  <input
    class="opt-form__Input-sc-11fyt1k-1 gphjBu"
    placeholder="Email address"
  />
  <button
    class="opt-form__Button-sc-11fyt1k-2 flTHiV"
  >
    Try it now
    <img
      alt="Try Now"
      src="/images/icons/chevron-right.png"
    />
  </button>
  <p
    class="opt-form__Text-sc-11fyt1k-3 jwGyQP"
  >
    Ready to watch? Enter your email to create or restart your membership.
  </p>
</div>
`;
